// Jest Snapshot v1, https://goo.gl/fbAQLP

exports[`Get data Correct value 1`] = `
[
  "1",
  "2",
  "3",
  "4",
  "5",
]
`;
